[cpsac.com.pe/index.html]
[backblue.gif]
[fade.gif]
[index.html]
[cpsac.com.pe/assets/css/bootstrap.min.css]
[cpsac.com.pe/assets/css/owl.carousel.min.css]
[cpsac.com.pe/assets/css/animate.css]
[cpsac.com.pe/assets/css/font-awesome.min.css]
[cpsac.com.pe/assets/css/pe-icon-7-stroke.css]
[cpsac.com.pe/style.css]
[cpsac.com.pe/assets/css/responsive.css]
[cpsac.com.pe/assets/images/favicon.png]
[cpsac.com.pe/popup/main.css]
[cpsac.com.pe/index-2.html]
[cpsac.com.pe/assets/images/logo-cpsac.jpg]
[cpsac.com.pe/nosotros.html]
[cpsac.com.pe/servicios.html]
[cpsac.com.pe/talleres.html]
[cpsac.com.pe/precios-lima.html]
[cpsac.com.pe/precios-huanuco.html]
[cpsac.com.pe/cronograma.html]
[cpsac.com.pe/ubicanos.html]
[cpsac.com.pe/postula.html]
[cpsac.com.pe/assets/images/sec-arrow.png]
[cpsac.com.pe/assets/images/cafeteria.jpg]
[cpsac.com.pe/assets/images/sede-lima.jpg]
[cpsac.com.pe/assets/images/sede-huanuco.jpg]
[cpsac.com.pe/assets/images/logo-cpsac-blanco.png]
[cpsac.com.pe/popup/jquery.js]
[cpsac.com.pe/popup/main.js]
[cpsac.com.pe/assets/js/jquery-2.1.4.min.js]
[cpsac.com.pe/assets/js/maplace.min.js]
[cpsac.com.pe/assets/js/mixitup.min.js]
[cpsac.com.pe/assets/js/jquery.easing.min.js]
[cpsac.com.pe/assets/js/owl.carousel.min.js]
[cpsac.com.pe/assets/js/wow-1.3.0.min.js]
[cpsac.com.pe/assets/js/active.js]
[cpsac.com.pe/index.html]
[cpsac.com.pe/assets/fonts/glyphicons-halflings-regular.eot]
[cpsac.com.pe/assets/js/bootstrap.min.js]
[cpsac.com.pe/assets/fonts/glyphicons-halflings-regular.woff2]
[cpsac.com.pe/assets/fonts/glyphicons-halflings-regulard41d.eot]
[cpsac.com.pe/assets/fonts/glyphicons-halflings-regular.woff]
[cpsac.com.pe/assets/fonts/glyphicons-halflings-regular.ttf]
[cpsac.com.pe/assets/css/bootstrap.min.css]
[cpsac.com.pe/assets/css/owl.carousel.min.css]
[cpsac.com.pe/assets/css/animate.css]
[cpsac.com.pe/assets/fonts/fontawesome-webfont3e6e.eot]
[cpsac.com.pe/assets/fonts/fontawesome-webfontd41d.eot]
[cpsac.com.pe/assets/fonts/fontawesome-webfont3e6e.woff2]
[cpsac.com.pe/assets/fonts/fontawesome-webfont3e6e.woff]
[cpsac.com.pe/assets/fonts/fontawesome-webfont3e6e.ttf]
[cpsac.com.pe/assets/css/font-awesome.min.css]
[cpsac.com.pe/assets/fonts/Pe-icon-7-strokebb1d.eot]
[cpsac.com.pe/assets/fonts/Pe-icon-7-stroked41d.eot]
[cpsac.com.pe/assets/fonts/Pe-icon-7-strokebb1d.woff]
[cpsac.com.pe/assets/fonts/Pe-icon-7-strokebb1d.ttf]
[cpsac.com.pe/assets/css/pe-icon-7-stroke.css]
[cpsac.com.pe/assets/fonts/helvetica-neue/HelveticaNeue-Italic.eot]
[cpsac.com.pe/assets/fonts/helvetica-neue/HelveticaNeue-Italic.woff]
[cpsac.com.pe/assets/fonts/helvetica-neue/HelveticaNeue-Italic.ttf]
[cpsac.com.pe/assets/fonts/helvetica-neue/HelveticaNeue-Italicd41d.eot]
[cpsac.com.pe/assets/fonts/helvetica-neue/HelveticaNeue-Medium.eot]
[cpsac.com.pe/assets/fonts/helvetica-neue/HelveticaNeue-Medium.woff]
[cpsac.com.pe/assets/fonts/helvetica-neue/HelveticaNeue-Mediumd41d.eot]
[cpsac.com.pe/assets/fonts/helvetica-neue/HelveticaNeue-Medium.ttf]
[cpsac.com.pe/assets/fonts/helvetica-neue/HelveticaNeue-CondensedBlack.eot]
[cpsac.com.pe/assets/fonts/helvetica-neue/HelveticaNeue-CondensedBlack.woff]
[cpsac.com.pe/assets/fonts/helvetica-neue/HelveticaNeue-CondensedBlackd41d.eot]
[cpsac.com.pe/assets/fonts/helvetica-neue/HelveticaNeue-CondensedBlack.ttf]
[cpsac.com.pe/assets/fonts/helvetica-neue/HelveticaNeue-BoldItalic.eot]
[cpsac.com.pe/assets/fonts/helvetica-neue/HelveticaNeue-BoldItalic.woff]
[cpsac.com.pe/assets/fonts/helvetica-neue/HelveticaNeue-BoldItalicd41d.eot]
[cpsac.com.pe/assets/fonts/helvetica-neue/HelveticaNeue-BoldItalic.ttf]
[cpsac.com.pe/assets/fonts/helvetica-neue/HelveticaNeue.eot]
[cpsac.com.pe/assets/fonts/helvetica-neue/HelveticaNeue.woff]
[cpsac.com.pe/assets/fonts/helvetica-neue/HelveticaNeued41d.eot]
[cpsac.com.pe/assets/fonts/helvetica-neue/HelveticaNeue.ttf]
[cpsac.com.pe/assets/fonts/helvetica-neue/HelveticaNeue-UltraLightItalic.eot]
[cpsac.com.pe/assets/fonts/helvetica-neue/HelveticaNeue-UltraLightItalic.woff]
[cpsac.com.pe/assets/fonts/helvetica-neue/HelveticaNeue-UltraLightItalicd41d.eot]
[cpsac.com.pe/assets/fonts/helvetica-neue/HelveticaNeue-UltraLightItalic.ttf]
[cpsac.com.pe/assets/fonts/helvetica-neue/HelveticaNeue-Bold.eot]
[cpsac.com.pe/assets/fonts/helvetica-neue/HelveticaNeue-Bold.woff]
[cpsac.com.pe/assets/fonts/helvetica-neue/HelveticaNeue-Boldd41d.eot]
[cpsac.com.pe/assets/fonts/helvetica-neue/HelveticaNeue-Bold.ttf]
[cpsac.com.pe/assets/fonts/helvetica-neue/HelveticaNeue-LightItalic.eot]
[cpsac.com.pe/assets/fonts/helvetica-neue/HelveticaNeue-LightItalic.woff]
[cpsac.com.pe/assets/fonts/helvetica-neue/HelveticaNeue-LightItalicd41d.eot]
[cpsac.com.pe/assets/fonts/helvetica-neue/HelveticaNeue-LightItalic.ttf]
[cpsac.com.pe/assets/images/slide1.jpg]
[cpsac.com.pe/assets/images/slide2.jpg]
[cpsac.com.pe/assets/images/slide3.jpg]
[cpsac.com.pe/assets/images/slide4.jpg]
[cpsac.com.pe/assets/images/slide5.jpg]
[cpsac.com.pe/assets/images/slide6.jpg]
[cpsac.com.pe/assets/images/slide7.jpg]
[cpsac.com.pe/assets/images/fondo-personal.jpg]
[cpsac.com.pe/assets/images/video-bg.jpg]
[cpsac.com.pe/assets/images/fondo-interno.jpg]
[cpsac.com.pe/assets/images/page-arrow.png]
[cpsac.com.pe/style.css]
[cpsac.com.pe/assets/css/responsive.css]
[cpsac.com.pe/popup/main.css]
[cpsac.com.pe/index-2.html]
[cpsac.com.pe/assets/images/sec-arrow-blanco.png]
[cpsac.com.pe/assets/images/fachada-cpsac.jpg]
[cpsac.com.pe/assets/images/experiencia.jpg]
[cpsac.com.pe/assets/images/vision.jpg]
[cpsac.com.pe/assets/images/mision.jpg]
[cpsac.com.pe/nosotros.html]
[cpsac.com.pe/assets/images/revision-tecnica.jpg]
[cpsac.com.pe/assets/images/glp.jpg]
[cpsac.com.pe/assets/images/gnv.jpg]
[cpsac.com.pe/assets/images/limitador.jpg]
[cpsac.com.pe/assets/images/opacidad.jpg]
[cpsac.com.pe/assets/images/conformidad.jpg]
[cpsac.com.pe/assets/images/hermeticidad.jpg]
[cpsac.com.pe/assets/images/carwash.jpg]
[cpsac.com.pe/servicios.html]
[cpsac.com.pe/assets/images/reycicar.jpg]
[cpsac.com.pe/assets/images/perugas.jpg]
[cpsac.com.pe/assets/images/fast.jpg]
[cpsac.com.pe/assets/images/morilla.jpg]
[cpsac.com.pe/assets/images/star.jpg]
[cpsac.com.pe/talleres.html]
[cpsac.com.pe/assets/images/visa.png]
[cpsac.com.pe/assets/images/master.png]
[cpsac.com.pe/precios-lima.html]
[cpsac.com.pe/precios-huanuco.html]
[cpsac.com.pe/assets/images/cronograma.jpg]
[cpsac.com.pe/assets/images/cronograma-mobile.jpg]
[cpsac.com.pe/cronograma.html]
[cpsac.com.pe/ubicanos.html]
[cpsac.com.pe/assets/images/postula-1.jpg]
[cpsac.com.pe/assets/images/postula-2.jpg]
[cpsac.com.pe/assets/images/vertical.jpg]
[cpsac.com.pe/assets/images/postula-3.jpg]
[cpsac.com.pe/assets/images/postula-4.jpg]
[cpsac.com.pe/assets/images/vertical-2.jpg]
[cpsac.com.pe/postula.html]
[cpsac.com.pe/assets/images/revision.svg]
[cpsac.com.pe/assets/images/gas.svg]
[cpsac.com.pe/assets/images/cumplimiento.svg]
[cpsac.com.pe/assets/images/opacidad.svg]
[cpsac.com.pe/assets/images/bus.svg]
[cpsac.com.pe/assets/images/carwash.svg]
[cpsac.com.pe/assets/images/visto.svg]
[cpsac.com.pe/assets/images/compromiso.svg]
[cpsac.com.pe/assets/images/garantia.svg]
[cpsac.com.pe/assets/images/excelencia.svg]
[cpsac.com.pe/assets/images/cafe.svg]
[cpsac.com.pe/assets/images/play.svg]
[cpsac.com.pe/assets/images/money-1.svg]
[cpsac.com.pe/assets/images/money-2.svg]
[cpsac.com.pe/assets/images/comillas.svg]
[cpsac.com.pe/assets/fonts/glyphicons-halflings-regular.svg]
[cpsac.com.pe/assets/css/owl.video.play.html]
[cpsac.com.pe/assets/fonts/fontawesome-webfont3e6e.svg]
[cpsac.com.pe/assets/fonts/Pe-icon-7-strokebb1d.svg]
[cpsac.com.pe/assets/images/slide7.jpg]
[cpsac.com.pe/popup/bg.html]
[cpsac.com.pe/assets/images/fondo-interno.jpg]
[cpsac.com.pe/assets/images/fachada-cpsac.jpg]
[cpsac.com.pe/assets/images/taxi.svg]
[cpsac.com.pe/assets/images/auto.svg]
[cpsac.com.pe/assets/images/pickup.svg]
[cpsac.com.pe/assets/images/omnibus-publico.svg]
[cpsac.com.pe/assets/images/bus-particular-verde.svg]
[cpsac.com.pe/assets/images/combi-publico.svg]
[cpsac.com.pe/assets/images/combi-particular.svg]
[cpsac.com.pe/assets/images/omnibus-particular.svg]
[cpsac.com.pe/assets/images/bus-publico.svg]
[cpsac.com.pe/assets/images/bus-particular.svg]
[cpsac.com.pe/assets/images/residuos-peligrosos.svg]
[cpsac.com.pe/assets/images/camion.svg]
[cpsac.com.pe/assets/images/volquete.svg]
[cpsac.com.pe/assets/images/furgon.svg]
[cpsac.com.pe/assets/images/cisterna.svg]
[cpsac.com.pe/assets/images/camioneta.svg]
[cpsac.com.pe/assets/images/furgon-verde.svg]
[cpsac.com.pe/assets/images/panel.svg]
[cpsac.com.pe/assets/images/omnibus-particular-verde.svg]
[cpsac.com.pe/assets/images/bus-publico-azul.svg]
[cpsac.com.pe/assets/images/camion-azul.svg]
[cpsac.com.pe/assets/images/volquete-verde.svg]
[cpsac.com.pe/assets/images/cisterna-azul.svg]
[cpsac.com.pe/assets/images/carreta.svg]
[cpsac.com.pe/assets/images/vision.jpg]
[cpsac.com.pe/assets/images/cronograma.jpg]
[cpsac.com.pe/assets/images/vertical-2.jpg]
